Component: Arm Compiler for Embedded 6.19 Tool: armlink [5e73cb00]

==============================================================================

Section Cross References

    main.o(.text.main) refers to clocksettings.o(.text.SystemClock_Configure) for SystemClock_Configure
    main.o(.text.main) refers to clocksettings.o(.text.SystemClockTick_Configure) for SystemClockTick_Configure
    main.o(.text.main) refers to uart.o(.text.UART0_Init) for UART0_Init
    main.o(.text.main) refers to pit.o(.text.PIT_Init) for PIT_Init
    main.o(.text.main) refers to adc.o(.text.ADC0_Init) for ADC0_Init
    main.o(.text.main) refers to uart.o(.text.UART0_Transmit) for UART0_Transmit
    main.o(.ARM.exidx.text.main) refers to main.o(.text.main) for [Anonymous Symbol]
    pit.o(.text.PIT_Init) refers to pit.o(.text.__NVIC_ClearPendingIRQ) for __NVIC_ClearPendingIRQ
    pit.o(.text.PIT_Init) refers to pit.o(.text.__NVIC_SetPriority) for __NVIC_SetPriority
    pit.o(.text.PIT_Init) refers to pit.o(.text.__NVIC_EnableIRQ) for __NVIC_EnableIRQ
    pit.o(.ARM.exidx.text.PIT_Init) refers to pit.o(.text.PIT_Init) for [Anonymous Symbol]
    pit.o(.ARM.exidx.text.__NVIC_ClearPendingIRQ) refers to pit.o(.text.__NVIC_ClearPendingIRQ) for [Anonymous Symbol]
    pit.o(.ARM.exidx.text.__NVIC_SetPriority) refers to pit.o(.text.__NVIC_SetPriority) for [Anonymous Symbol]
    pit.o(.ARM.exidx.text.__NVIC_EnableIRQ) refers to pit.o(.text.__NVIC_EnableIRQ) for [Anonymous Symbol]
    pit.o(.text.PIT_IRQHandler) refers to uart.o(.text.UART0_Transmit) for UART0_Transmit
    pit.o(.ARM.exidx.text.PIT_IRQHandler) refers to pit.o(.text.PIT_IRQHandler) for [Anonymous Symbol]
    uart.o(.ARM.exidx.text.UART0_Transmit) refers to uart.o(.text.UART0_Transmit) for [Anonymous Symbol]
    uart.o(.ARM.exidx.text.UART0_Receive) refers to uart.o(.text.UART0_Receive) for [Anonymous Symbol]
    uart.o(.text.UART0_Init) refers to aeabi_sdiv.o(.text) for __aeabi_uidiv
    uart.o(.ARM.exidx.text.UART0_Init) refers to uart.o(.text.UART0_Init) for [Anonymous Symbol]
    gpio.o(.ARM.exidx.text.OutputPIN_Init) refers to gpio.o(.text.OutputPIN_Init) for [Anonymous Symbol]
    clocksettings.o(.ARM.exidx.text.SystemClock_Configure) refers to clocksettings.o(.text.SystemClock_Configure) for [Anonymous Symbol]
    clocksettings.o(.text.SystemClockTick_Configure) refers to clocksettings.o(.text.__NVIC_SetPriority) for __NVIC_SetPriority
    clocksettings.o(.ARM.exidx.text.SystemClockTick_Configure) refers to clocksettings.o(.text.SystemClockTick_Configure) for [Anonymous Symbol]
    clocksettings.o(.ARM.exidx.text.__NVIC_SetPriority) refers to clocksettings.o(.text.__NVIC_SetPriority) for [Anonymous Symbol]
    clocksettings.o(.text.SysTick_Handler) refers to clocksettings.o(.bss.base_tick) for base_tick
    clocksettings.o(.text.SysTick_Handler) refers to clocksettings.o(.bss.flag_50ms) for flag_50ms
    clocksettings.o(.text.SysTick_Handler) refers to clocksettings.o(.bss.tick_50ms) for tick_50ms
    clocksettings.o(.text.SysTick_Handler) refers to clocksettings.o(.bss.flag_100ms) for flag_100ms
    clocksettings.o(.text.SysTick_Handler) refers to clocksettings.o(.bss.tick_100ms) for tick_100ms
    clocksettings.o(.text.SysTick_Handler) refers to clocksettings.o(.bss.flag_500ms) for flag_500ms
    clocksettings.o(.text.SysTick_Handler) refers to clocksettings.o(.bss.tick_500ms) for tick_500ms
    clocksettings.o(.text.SysTick_Handler) refers to clocksettings.o(.bss.flag_1s) for flag_1s
    clocksettings.o(.text.SysTick_Handler) refers to clocksettings.o(.bss.tick_1s) for tick_1s
    clocksettings.o(.text.SysTick_Handler) refers to clocksettings.o(.bss.flag_5s) for flag_5s
    clocksettings.o(.ARM.exidx.text.SysTick_Handler) refers to clocksettings.o(.text.SysTick_Handler) for [Anonymous Symbol]
    adc.o(.text.ADC0_Init) refers to adc.o(.text.ADC0_Calibrate) for ADC0_Calibrate
    adc.o(.ARM.exidx.text.ADC0_Init) refers to adc.o(.text.ADC0_Init) for [Anonymous Symbol]
    adc.o(.ARM.exidx.text.ADC0_Calibrate) refers to adc.o(.text.ADC0_Calibrate) for [Anonymous Symbol]
    adc.o(.ARM.exidx.text.ADC0_Read) refers to adc.o(.text.ADC0_Read) for [Anonymous Symbol]
    adc.o(.text.Temperature_Read) refers to adc.o(.text.ADC0_Read) for ADC0_Read
    adc.o(.text.Temperature_Read) refers to aeabi_sdiv.o(.text) for __aeabi_uidiv
    adc.o(.text.Temperature_Read) refers to uart.o(.text.UART0_Transmit) for UART0_Transmit
    adc.o(.text.Temperature_Read) refers to adc.o(.bss.Temperature_Read.bandgap_voltage) for [Anonymous Symbol]
    adc.o(.text.Temperature_Read) refers to adc.o(.bss.CalcVDD) for CalcVDD
    adc.o(.text.Temperature_Read) refers to adc.o(.bss.V_ADC_TEMP25) for V_ADC_TEMP25
    adc.o(.text.Temperature_Read) refers to adc.o(.bss.TempSlope_Low) for TempSlope_Low
    adc.o(.text.Temperature_Read) refers to adc.o(.bss.Temperature_Read.counter) for [Anonymous Symbol]
    adc.o(.text.Temperature_Read) refers to adc.o(.bss.temperature_read) for temperature_read
    adc.o(.text.Temperature_Read) refers to adc.o(.bss.Vtemp) for Vtemp
    adc.o(.text.Temperature_Read) refers to adc.o(.bss.temperature) for temperature
    adc.o(.ARM.exidx.text.Temperature_Read) refers to adc.o(.text.Temperature_Read) for [Anonymous Symbol]
    startup_mkl25z4.o(STACK) refers (Special) to heapauxi.o(.text) for __use_two_region_memory
    startup_mkl25z4.o(HEAP) refers (Special) to heapauxi.o(.text) for __use_two_region_memory
    startup_mkl25z4.o(RESET) refers (Special) to heapauxi.o(.text) for __use_two_region_memory
    startup_mkl25z4.o(RESET) refers to startup_mkl25z4.o(STACK) for __initial_sp
    startup_mkl25z4.o(RESET) refers to startup_mkl25z4.o(.text) for Reset_Handler
    startup_mkl25z4.o(RESET) refers to clocksettings.o(.text.SysTick_Handler) for SysTick_Handler
    startup_mkl25z4.o(RESET) refers to pit.o(.text.PIT_IRQHandler) for PIT_IRQHandler
    startup_mkl25z4.o(.ARM.__at_0x400) refers (Special) to heapauxi.o(.text) for __use_two_region_memory
    startup_mkl25z4.o(.text) refers (Special) to heapauxi.o(.text) for __use_two_region_memory
    startup_mkl25z4.o(.text) refers to system_mkl25z4.o(.text.SystemInit) for SystemInit
    startup_mkl25z4.o(.text) refers to __main.o(!!!main) for __main
    startup_mkl25z4.o(.text) refers to startup_mkl25z4.o(HEAP) for Heap_Mem
    startup_mkl25z4.o(.text) refers to startup_mkl25z4.o(STACK) for Stack_Mem
    system_mkl25z4.o(.ARM.exidx.text.SystemInit) refers to system_mkl25z4.o(.text.SystemInit) for [Anonymous Symbol]
    system_mkl25z4.o(.text.SystemCoreClockUpdate) refers to aeabi_sdiv.o(.text) for __aeabi_uidiv
    system_mkl25z4.o(.text.SystemCoreClockUpdate) refers to system_mkl25z4.o(.data.SystemCoreClock) for SystemCoreClock
    system_mkl25z4.o(.ARM.exidx.text.SystemCoreClockUpdate) refers to system_mkl25z4.o(.text.SystemCoreClockUpdate) for [Anonymous Symbol]
    __main.o(!!!main) refers to __rtentry.o(.ARM.Collect$$rtentry$$00000000) for __rt_entry
    __rtentry.o(.ARM.Collect$$rtentry$$00000000) refers (Special) to __rtentry2.o(.ARM.Collect$$rtentry$$0000000A) for __rt_entry_li
    __rtentry.o(.ARM.Collect$$rtentry$$00000000) refers (Special) to __rtentry2.o(.ARM.Collect$$rtentry$$0000000D) for __rt_entry_main
    __rtentry.o(.ARM.Collect$$rtentry$$00000000) refers (Special) to __rtentry2.o(.ARM.Collect$$rtentry$$0000000C) for __rt_entry_postli_1
    __rtentry.o(.ARM.Collect$$rtentry$$00000000) refers (Special) to __rtentry2.o(.ARM.Collect$$rtentry$$00000009) for __rt_entry_postsh_1
    __rtentry.o(.ARM.Collect$$rtentry$$00000000) refers (Special) to __rtentry2.o(.ARM.Collect$$rtentry$$00000002) for __rt_entry_presh_1
    __rtentry.o(.ARM.Collect$$rtentry$$00000000) refers (Special) to __rtentry4.o(.ARM.Collect$$rtentry$$00000004) for __rt_entry_sh
    aeabi_idiv0_sigfpe.o(.text) refers to rt_div0.o(.text) for __rt_div0
    __rtentry2.o(.ARM.Collect$$rtentry$$00000008) refers to boardinit2.o(.text) for _platform_post_stackheap_init
    __rtentry2.o(.ARM.Collect$$rtentry$$0000000A) refers to libinit.o(.ARM.Collect$$libinit$$00000000) for __rt_lib_init
    __rtentry2.o(.ARM.Collect$$rtentry$$0000000B) refers to boardinit3.o(.text) for _platform_post_lib_init
    __rtentry2.o(.ARM.Collect$$rtentry$$0000000D) refers to main.o(.text.main) for main
    __rtentry2.o(.ARM.Collect$$rtentry$$0000000D) refers to exit.o(.text) for exit
    __rtentry2.o(.ARM.exidx) refers to __rtentry2.o(.ARM.Collect$$rtentry$$00000001) for .ARM.Collect$$rtentry$$00000001
    __rtentry2.o(.ARM.exidx) refers to __rtentry2.o(.ARM.Collect$$rtentry$$00000008) for .ARM.Collect$$rtentry$$00000008
    __rtentry2.o(.ARM.exidx) refers to __rtentry2.o(.ARM.Collect$$rtentry$$0000000A) for .ARM.Collect$$rtentry$$0000000A
    __rtentry2.o(.ARM.exidx) refers to __rtentry2.o(.ARM.Collect$$rtentry$$0000000B) for .ARM.Collect$$rtentry$$0000000B
    __rtentry2.o(.ARM.exidx) refers to __rtentry2.o(.ARM.Collect$$rtentry$$0000000D) for .ARM.Collect$$rtentry$$0000000D
    __rtentry4.o(.ARM.Collect$$rtentry$$00000004) refers to sys_stackheap_outer.o(.text) for __user_setup_stackheap
    __rtentry4.o(.ARM.exidx) refers to __rtentry4.o(.ARM.Collect$$rtentry$$00000004) for .ARM.Collect$$rtentry$$00000004
    rt_div0.o(.text) refers to defsig_fpe_outer.o(.text) for __rt_SIGFPE
    sys_stackheap_outer.o(.text) refers to libspace.o(.text) for __user_perproc_libspace
    sys_stackheap_outer.o(.text) refers to startup_mkl25z4.o(.text) for __user_initial_stackheap
    sys_stackheap_outer.o(__vectab_stack_and_reset_area) refers to tempstk.o(.text) for __temporary_stack_top
    sys_stackheap_outer.o(__vectab_stack_and_reset_area) refers to __main.o(!!!main) for __main
    exit.o(.text) refers to rtexit.o(.ARM.Collect$$rtexit$$00000000) for __rt_exit
    defsig_fpe_outer.o(.text) refers to defsig_fpe_inner.o(.text) for __rt_SIGFPE_inner
    defsig_fpe_outer.o(.text) refers to defsig_exit.o(.text) for __sig_exit
    defsig_fpe_formal.o(.text) refers to rt_raise.o(.text) for __rt_raise
    libinit.o(.ARM.Collect$$libinit$$00000000) refers (Special) to libinit2.o(.ARM.Collect$$libinit$$00000030) for __rt_lib_init_alloca_1
    libinit.o(.ARM.Collect$$libinit$$00000000) refers (Special) to libinit2.o(.ARM.Collect$$libinit$$0000002E) for __rt_lib_init_argv_1
    libinit.o(.ARM.Collect$$libinit$$00000000) refers (Special) to libinit2.o(.ARM.Collect$$libinit$$0000001D) for __rt_lib_init_atexit_1
    libinit.o(.ARM.Collect$$libinit$$00000000) refers (Special) to libinit2.o(.ARM.Collect$$libinit$$00000023) for __rt_lib_init_clock_1
    libinit.o(.ARM.Collect$$libinit$$00000000) refers (Special) to libinit2.o(.ARM.Collect$$libinit$$00000034) for __rt_lib_init_cpp_1
    libinit.o(.ARM.Collect$$libinit$$00000000) refers (Special) to libinit2.o(.ARM.Collect$$libinit$$00000032) for __rt_lib_init_exceptions_1
    libinit.o(.ARM.Collect$$libinit$$00000000) refers (Special) to libinit2.o(.ARM.Collect$$libinit$$00000002) for __rt_lib_init_fp_1
    libinit.o(.ARM.Collect$$libinit$$00000000) refers (Special) to libinit2.o(.ARM.Collect$$libinit$$00000021) for __rt_lib_init_fp_trap_1
    libinit.o(.ARM.Collect$$libinit$$00000000) refers (Special) to libinit2.o(.ARM.Collect$$libinit$$00000025) for __rt_lib_init_getenv_1
    libinit.o(.ARM.Collect$$libinit$$00000000) refers (Special) to libinit2.o(.ARM.Collect$$libinit$$0000000C) for __rt_lib_init_heap_1
    libinit.o(.ARM.Collect$$libinit$$00000000) refers (Special) to libinit2.o(.ARM.Collect$$libinit$$00000013) for __rt_lib_init_lc_collate_1
    libinit.o(.ARM.Collect$$libinit$$00000000) refers (Special) to libinit2.o(.ARM.Collect$$libinit$$00000015) for __rt_lib_init_lc_ctype_1
    libinit.o(.ARM.Collect$$libinit$$00000000) refers (Special) to libinit2.o(.ARM.Collect$$libinit$$00000017) for __rt_lib_init_lc_monetary_1
    libinit.o(.ARM.Collect$$libinit$$00000000) refers (Special) to libinit2.o(.ARM.Collect$$libinit$$00000019) for __rt_lib_init_lc_numeric_1
    libinit.o(.ARM.Collect$$libinit$$00000000) refers (Special) to libinit2.o(.ARM.Collect$$libinit$$0000001B) for __rt_lib_init_lc_time_1
    libinit.o(.ARM.Collect$$libinit$$00000000) refers (Special) to libinit2.o(.ARM.Collect$$libinit$$00000006) for __rt_lib_init_preinit_1
    libinit.o(.ARM.Collect$$libinit$$00000000) refers (Special) to libinit2.o(.ARM.Collect$$libinit$$00000010) for __rt_lib_init_rand_1
    libinit.o(.ARM.Collect$$libinit$$00000000) refers (Special) to libinit2.o(.ARM.Collect$$libinit$$00000004) for __rt_lib_init_relocate_pie_1
    libinit.o(.ARM.Collect$$libinit$$00000000) refers (Special) to libinit2.o(.ARM.Collect$$libinit$$00000035) for __rt_lib_init_return
    libinit.o(.ARM.Collect$$libinit$$00000000) refers (Special) to libinit2.o(.ARM.Collect$$libinit$$0000001F) for __rt_lib_init_signal_1
    libinit.o(.ARM.Collect$$libinit$$00000000) refers (Special) to libinit2.o(.ARM.Collect$$libinit$$00000027) for __rt_lib_init_stdio_1
    libinit.o(.ARM.Collect$$libinit$$00000000) refers (Special) to libinit2.o(.ARM.Collect$$libinit$$0000000E) for __rt_lib_init_user_alloc_1
    libspace.o(.text) refers to libspace.o(.bss) for __libspace_start
    rtexit.o(.ARM.Collect$$rtexit$$00000000) refers (Special) to rtexit2.o(.ARM.Collect$$rtexit$$00000004) for __rt_exit_exit
    rtexit.o(.ARM.Collect$$rtexit$$00000000) refers (Special) to rtexit2.o(.ARM.Collect$$rtexit$$00000003) for __rt_exit_ls
    rtexit.o(.ARM.Collect$$rtexit$$00000000) refers (Special) to rtexit2.o(.ARM.Collect$$rtexit$$00000002) for __rt_exit_prels_1
    rtexit.o(.ARM.exidx) refers (Special) to rtexit2.o(.ARM.Collect$$rtexit$$00000004) for __rt_exit_exit
    rtexit.o(.ARM.exidx) refers (Special) to rtexit2.o(.ARM.Collect$$rtexit$$00000003) for __rt_exit_ls
    rtexit.o(.ARM.exidx) refers (Special) to rtexit2.o(.ARM.Collect$$rtexit$$00000002) for __rt_exit_prels_1
    rtexit.o(.ARM.exidx) refers to rtexit.o(.ARM.Collect$$rtexit$$00000000) for .ARM.Collect$$rtexit$$00000000
    rt_raise.o(.text) refers to __raise.o(.text) for __raise
    rt_raise.o(.text) refers to sys_exit.o(.text) for _sys_exit
    defsig_exit.o(.text) refers to sys_exit.o(.text) for _sys_exit
    defsig_fpe_inner.o(.text) refers to defsig_general.o(.text) for __default_signal_display
    libinit2.o(.ARM.Collect$$libinit$$00000012) refers to libinit2.o(.ARM.Collect$$libinit$$00000011) for .ARM.Collect$$libinit$$00000011
    libinit2.o(.ARM.Collect$$libinit$$00000014) refers to libinit2.o(.ARM.Collect$$libinit$$00000011) for .ARM.Collect$$libinit$$00000011
    libinit2.o(.ARM.Collect$$libinit$$00000016) refers to libinit2.o(.ARM.Collect$$libinit$$00000011) for .ARM.Collect$$libinit$$00000011
    libinit2.o(.ARM.Collect$$libinit$$00000018) refers to libinit2.o(.ARM.Collect$$libinit$$00000011) for .ARM.Collect$$libinit$$00000011
    libinit2.o(.ARM.Collect$$libinit$$0000001A) refers to libinit2.o(.ARM.Collect$$libinit$$00000011) for .ARM.Collect$$libinit$$00000011
    libinit2.o(.ARM.Collect$$libinit$$00000028) refers to argv_veneer.o(.text) for __ARM_argv_veneer
    libinit2.o(.ARM.Collect$$libinit$$00000029) refers to argv_veneer.o(.text) for __ARM_argv_veneer
    sys_exit.o(.text) refers (Special) to use_no_semi.o(.text) for __I$use$semihosting
    sys_exit.o(.text) refers (Special) to indicate_semi.o(.text) for __semihosting_library_function
    sys_exit_hlt.o(.text) refers (Special) to use_no_semi.o(.text) for __I$use$semihosting
    sys_exit_hlt.o(.text) refers (Special) to indicate_semi.o(.text) for __semihosting_library_function
    rtexit2.o(.ARM.Collect$$rtexit$$00000003) refers to libshutdown.o(.ARM.Collect$$libshutdown$$00000000) for __rt_lib_shutdown
    rtexit2.o(.ARM.Collect$$rtexit$$00000004) refers to sys_exit.o(.text) for _sys_exit
    rtexit2.o(.ARM.exidx) refers to rtexit2.o(.ARM.Collect$$rtexit$$00000001) for .ARM.Collect$$rtexit$$00000001
    rtexit2.o(.ARM.exidx) refers to rtexit2.o(.ARM.Collect$$rtexit$$00000003) for .ARM.Collect$$rtexit$$00000003
    rtexit2.o(.ARM.exidx) refers to rtexit2.o(.ARM.Collect$$rtexit$$00000004) for .ARM.Collect$$rtexit$$00000004
    __raise.o(.text) refers to defsig.o(CL$$defsig) for __default_signal_handler
    defsig_general.o(.text) refers to sys_wrch.o(.text) for _ttywrch
    sys_wrch.o(.text) refers (Special) to use_no_semi.o(.text) for __I$use$semihosting
    sys_wrch.o(.text) refers (Special) to indicate_semi.o(.text) for __semihosting_library_function
    sys_wrch_hlt.o(.text) refers (Special) to use_no_semi.o(.text) for __I$use$semihosting
    sys_wrch_hlt.o(.text) refers (Special) to indicate_semi.o(.text) for __semihosting_library_function
    defsig.o(CL$$defsig) refers to defsig_fpe_inner.o(.text) for __rt_SIGFPE_inner
    defsig.o(CL$$defsig) refers to defsig_rtmem_inner.o(.text) for __rt_SIGRTMEM_inner
    _get_argv_nomalloc.o(.text) refers (Special) to hrguard.o(.text) for __heap_region$guard
    _get_argv_nomalloc.o(.text) refers to defsig_rtmem_outer.o(.text) for __rt_SIGRTMEM
    _get_argv_nomalloc.o(.text) refers to sys_command.o(.text) for _sys_command_string
    libshutdown.o(.ARM.Collect$$libshutdown$$00000000) refers (Special) to libshutdown2.o(.ARM.Collect$$libshutdown$$00000002) for __rt_lib_shutdown_cpp_1
    libshutdown.o(.ARM.Collect$$libshutdown$$00000000) refers (Special) to libshutdown2.o(.ARM.Collect$$libshutdown$$00000007) for __rt_lib_shutdown_fp_trap_1
    libshutdown.o(.ARM.Collect$$libshutdown$$00000000) refers (Special) to libshutdown2.o(.ARM.Collect$$libshutdown$$0000000F) for __rt_lib_shutdown_heap_1
    libshutdown.o(.ARM.Collect$$libshutdown$$00000000) refers (Special) to libshutdown2.o(.ARM.Collect$$libshutdown$$00000010) for __rt_lib_shutdown_return
    libshutdown.o(.ARM.Collect$$libshutdown$$00000000) refers (Special) to libshutdown2.o(.ARM.Collect$$libshutdown$$0000000A) for __rt_lib_shutdown_signal_1
    libshutdown.o(.ARM.Collect$$libshutdown$$00000000) refers (Special) to libshutdown2.o(.ARM.Collect$$libshutdown$$00000004) for __rt_lib_shutdown_stdio_1
    libshutdown.o(.ARM.Collect$$libshutdown$$00000000) refers (Special) to libshutdown2.o(.ARM.Collect$$libshutdown$$0000000C) for __rt_lib_shutdown_user_alloc_1
    sys_command.o(.text) refers (Special) to use_no_semi.o(.text) for __I$use$semihosting
    sys_command.o(.text) refers (Special) to indicate_semi.o(.text) for __semihosting_library_function
    sys_command_hlt.o(.text) refers (Special) to use_no_semi.o(.text) for __I$use$semihosting
    sys_command_hlt.o(.text) refers (Special) to indicate_semi.o(.text) for __semihosting_library_function
    defsig_abrt_inner.o(.text) refers to defsig_general.o(.text) for __default_signal_display
    defsig_rtred_inner.o(.text) refers to defsig_general.o(.text) for __default_signal_display
    defsig_rtmem_inner.o(.text) refers to defsig_general.o(.text) for __default_signal_display
    defsig_rtmem_outer.o(.text) refers to defsig_rtmem_inner.o(.text) for __rt_SIGRTMEM_inner
    defsig_rtmem_outer.o(.text) refers to defsig_exit.o(.text) for __sig_exit
    defsig_rtmem_formal.o(.text) refers to rt_raise.o(.text) for __rt_raise
    defsig_stak_inner.o(.text) refers to defsig_general.o(.text) for __default_signal_display
    defsig_pvfn_inner.o(.text) refers to defsig_general.o(.text) for __default_signal_display
    defsig_cppl_inner.o(.text) refers to defsig_general.o(.text) for __default_signal_display
    defsig_segv_inner.o(.text) refers to defsig_general.o(.text) for __default_signal_display
    defsig_other.o(.text) refers to defsig_general.o(.text) for __default_signal_display


==============================================================================

Removing Unused input sections from the image.

    Removing main.o(.text), (0 bytes).
    Removing main.o(.ARM.exidx.text.main), (8 bytes).
    Removing main.o(.ARM.use_no_argv), (4 bytes).
    Removing pit.o(.text), (0 bytes).
    Removing pit.o(.ARM.exidx.text.PIT_Init), (8 bytes).
    Removing pit.o(.ARM.exidx.text.__NVIC_ClearPendingIRQ), (8 bytes).
    Removing pit.o(.ARM.exidx.text.__NVIC_SetPriority), (8 bytes).
    Removing pit.o(.ARM.exidx.text.__NVIC_EnableIRQ), (8 bytes).
    Removing pit.o(.ARM.exidx.text.PIT_IRQHandler), (8 bytes).
    Removing uart.o(.text), (0 bytes).
    Removing uart.o(.ARM.exidx.text.UART0_Transmit), (8 bytes).
    Removing uart.o(.text.UART0_Receive), (32 bytes).
    Removing uart.o(.ARM.exidx.text.UART0_Receive), (8 bytes).
    Removing uart.o(.ARM.exidx.text.UART0_Init), (8 bytes).
    Removing gpio.o(.text), (0 bytes).
    Removing gpio.o(.text.OutputPIN_Init), (68 bytes).
    Removing gpio.o(.ARM.exidx.text.OutputPIN_Init), (8 bytes).
    Removing clocksettings.o(.text), (0 bytes).
    Removing clocksettings.o(.ARM.exidx.text.SystemClock_Configure), (8 bytes).
    Removing clocksettings.o(.ARM.exidx.text.SystemClockTick_Configure), (8 bytes).
    Removing clocksettings.o(.ARM.exidx.text.__NVIC_SetPriority), (8 bytes).
    Removing clocksettings.o(.ARM.exidx.text.SysTick_Handler), (8 bytes).
    Removing adc.o(.text), (0 bytes).
    Removing adc.o(.ARM.exidx.text.ADC0_Init), (8 bytes).
    Removing adc.o(.ARM.exidx.text.ADC0_Calibrate), (8 bytes).
    Removing adc.o(.text.ADC0_Read), (84 bytes).
    Removing adc.o(.ARM.exidx.text.ADC0_Read), (8 bytes).
    Removing adc.o(.text.Temperature_Read), (444 bytes).
    Removing adc.o(.ARM.exidx.text.Temperature_Read), (8 bytes).
    Removing adc.o(.bss.Temperature_Read.counter), (1 bytes).
    Removing adc.o(.bss.Temperature_Read.bandgap_voltage), (1 bytes).
    Removing adc.o(.bss.CalcVDD), (2 bytes).
    Removing adc.o(.bss.V_ADC_TEMP25), (2 bytes).
    Removing adc.o(.bss.TempSlope_Low), (2 bytes).
    Removing adc.o(.bss.temperature_read), (2 bytes).
    Removing adc.o(.bss.Vtemp), (2 bytes).
    Removing adc.o(.bss.temperature), (2 bytes).
    Removing system_mkl25z4.o(.text), (0 bytes).
    Removing system_mkl25z4.o(.ARM.exidx.text.SystemInit), (8 bytes).
    Removing system_mkl25z4.o(.text.SystemCoreClockUpdate), (556 bytes).
    Removing system_mkl25z4.o(.ARM.exidx.text.SystemCoreClockUpdate), (8 bytes).
    Removing system_mkl25z4.o(.data.SystemCoreClock), (4 bytes).

42 unused section(s) (total 1366 bytes) removed from the image.

==============================================================================

Image Symbol Table

    Local Symbols

    Symbol Name                              Value     Ov Type        Size  Object(Section)

    ../clib/angel/boardlib.s                 0x00000000   Number         0  boardinit1.o ABSOLUTE
    ../clib/angel/boardlib.s                 0x00000000   Number         0  boardinit2.o ABSOLUTE
    ../clib/angel/boardlib.s                 0x00000000   Number         0  boardinit3.o ABSOLUTE
    ../clib/angel/boardlib.s                 0x00000000   Number         0  boardshut.o ABSOLUTE
    ../clib/angel/handlers.s                 0x00000000   Number         0  __scatter_zi.o ABSOLUTE
    ../clib/angel/kernel.s                   0x00000000   Number         0  __rtentry.o ABSOLUTE
    ../clib/angel/kernel.s                   0x00000000   Number         0  __rtentry2.o ABSOLUTE
    ../clib/angel/kernel.s                   0x00000000   Number         0  __rtentry4.o ABSOLUTE
    ../clib/angel/kernel.s                   0x00000000   Number         0  rtexit.o ABSOLUTE
    ../clib/angel/kernel.s                   0x00000000   Number         0  rtexit2.o ABSOLUTE
    ../clib/angel/rt.s                       0x00000000   Number         0  aeabi_idiv0.o ABSOLUTE
    ../clib/angel/rt.s                       0x00000000   Number         0  aeabi_idiv0_sigfpe.o ABSOLUTE
    ../clib/angel/rt.s                       0x00000000   Number         0  rt_div0.o ABSOLUTE
    ../clib/angel/rt.s                       0x00000000   Number         0  rt_raise.o ABSOLUTE
    ../clib/angel/scatterp.s                 0x00000000   Number         0  __scatter.o ABSOLUTE
    ../clib/angel/startup.s                  0x00000000   Number         0  __main.o ABSOLUTE
    ../clib/angel/sys.s                      0x00000000   Number         0  sys_stackheap_outer.o ABSOLUTE
    ../clib/angel/sys.s                      0x00000000   Number         0  libspace.o ABSOLUTE
    ../clib/angel/sys.s                      0x00000000   Number         0  tempstk.o ABSOLUTE
    ../clib/angel/sys.s                      0x00000000   Number         0  use_no_semi.o ABSOLUTE
    ../clib/angel/sys.s                      0x00000000   Number         0  indicate_semi.o ABSOLUTE
    ../clib/angel/sysapp.c                   0x00000000   Number         0  sys_exit.o ABSOLUTE
    ../clib/angel/sysapp.c                   0x00000000   Number         0  sys_exit_hlt.o ABSOLUTE
    ../clib/angel/sysapp.c                   0x00000000   Number         0  sys_wrch.o ABSOLUTE
    ../clib/angel/sysapp.c                   0x00000000   Number         0  sys_wrch_hlt.o ABSOLUTE
    ../clib/angel/sysapp.c                   0x00000000   Number         0  sys_command.o ABSOLUTE
    ../clib/angel/sysapp.c                   0x00000000   Number         0  sys_command_hlt.o ABSOLUTE
    ../clib/armsys.c                         0x00000000   Number         0  argv_veneer.o ABSOLUTE
    ../clib/armsys.c                         0x00000000   Number         0  _get_argv_nomalloc.o ABSOLUTE
    ../clib/armsys.c                         0x00000000   Number         0  no_argv.o ABSOLUTE
    ../clib/division.s                       0x00000000   Number         0  aeabi_sdiv.o ABSOLUTE
    ../clib/division.s                       0x00000000   Number         0  aeabi_sdiv_div0.o ABSOLUTE
    ../clib/heapalloc.c                      0x00000000   Number         0  hrguard.o ABSOLUTE
    ../clib/heapaux.c                        0x00000000   Number         0  heapauxi.o ABSOLUTE
    ../clib/libinit.s                        0x00000000   Number         0  libinit.o ABSOLUTE
    ../clib/libinit.s                        0x00000000   Number         0  libinit2.o ABSOLUTE
    ../clib/libinit.s                        0x00000000   Number         0  libshutdown.o ABSOLUTE
    ../clib/libinit.s                        0x00000000   Number         0  libshutdown2.o ABSOLUTE
    ../clib/signal.c                         0x00000000   Number         0  defsig_fpe_outer.o ABSOLUTE
    ../clib/signal.c                         0x00000000   Number         0  defsig_fpe_formal.o ABSOLUTE
    ../clib/signal.c                         0x00000000   Number         0  defsig_exit.o ABSOLUTE
    ../clib/signal.c                         0x00000000   Number         0  defsig_fpe_inner.o ABSOLUTE
    ../clib/signal.c                         0x00000000   Number         0  __raise.o ABSOLUTE
    ../clib/signal.c                         0x00000000   Number         0  defsig_general.o ABSOLUTE
    ../clib/signal.c                         0x00000000   Number         0  defsig_abrt_inner.o ABSOLUTE
    ../clib/signal.c                         0x00000000   Number         0  defsig_rtred_inner.o ABSOLUTE
    ../clib/signal.c                         0x00000000   Number         0  defsig_rtmem_inner.o ABSOLUTE
    ../clib/signal.c                         0x00000000   Number         0  defsig_rtmem_outer.o ABSOLUTE
    ../clib/signal.c                         0x00000000   Number         0  defsig_rtmem_formal.o ABSOLUTE
    ../clib/signal.c                         0x00000000   Number         0  defsig_stak_inner.o ABSOLUTE
    ../clib/signal.c                         0x00000000   Number         0  defsig_pvfn_inner.o ABSOLUTE
    ../clib/signal.c                         0x00000000   Number         0  defsig_cppl_inner.o ABSOLUTE
    ../clib/signal.c                         0x00000000   Number         0  defsig_segv_inner.o ABSOLUTE
    ../clib/signal.c                         0x00000000   Number         0  defsig_other.o ABSOLUTE
    ../clib/signal.s                         0x00000000   Number         0  defsig.o ABSOLUTE
    ../clib/stdlib.c                         0x00000000   Number         0  exit.o ABSOLUTE
    ../fplib/cfplib/fpinit.c                 0x00000000   Number         0  fpinit.o ABSOLUTE
    Adc.c                                    0x00000000   Number         0  adc.o ABSOLUTE
    ClockSettings.c                          0x00000000   Number         0  clocksettings.o ABSOLUTE
    Gpio.c                                   0x00000000   Number         0  gpio.o ABSOLUTE
    Pit.c                                    0x00000000   Number         0  pit.o ABSOLUTE
    RTE/Device/MKL25Z128xxx4/startup_MKL25Z4.s 0x00000000   Number         0  startup_mkl25z4.o ABSOLUTE
    Uart.c                                   0x00000000   Number         0  uart.o ABSOLUTE
    dc.s                                     0x00000000   Number         0  dc.o ABSOLUTE
    main.c                                   0x00000000   Number         0  main.o ABSOLUTE
    system_MKL25Z4.c                         0x00000000   Number         0  system_mkl25z4.o ABSOLUTE
    RESET                                    0x00000000   Section      192  startup_mkl25z4.o(RESET)
    !!!main                                  0x000000c0   Section        8  __main.o(!!!main)
    !!!scatter                               0x000000c8   Section       60  __scatter.o(!!!scatter)
    !!handler_zi                             0x00000104   Section       28  __scatter_zi.o(!!handler_zi)
    .ARM.Collect$$libinit$$00000000          0x00000120   Section        2  libinit.o(.ARM.Collect$$libinit$$00000000)
    .ARM.Collect$$libinit$$00000002          0x00000122   Section        0  libinit2.o(.ARM.Collect$$libinit$$00000002)
    .ARM.Collect$$libinit$$00000004          0x00000122   Section        0  libinit2.o(.ARM.Collect$$libinit$$00000004)
    .ARM.Collect$$libinit$$00000006          0x00000122   Section        0  libinit2.o(.ARM.Collect$$libinit$$00000006)
    .ARM.Collect$$libinit$$0000000C          0x00000122   Section        0  libinit2.o(.ARM.Collect$$libinit$$0000000C)
    .ARM.Collect$$libinit$$0000000E          0x00000122   Section        0  libinit2.o(.ARM.Collect$$libinit$$0000000E)
    .ARM.Collect$$libinit$$00000010          0x00000122   Section        0  libinit2.o(.ARM.Collect$$libinit$$00000010)
    .ARM.Collect$$libinit$$00000013          0x00000122   Section        0  libinit2.o(.ARM.Collect$$libinit$$00000013)
    .ARM.Collect$$libinit$$00000015          0x00000122   Section        0  libinit2.o(.ARM.Collect$$libinit$$00000015)
    .ARM.Collect$$libinit$$00000017          0x00000122   Section        0  libinit2.o(.ARM.Collect$$libinit$$00000017)
    .ARM.Collect$$libinit$$00000019          0x00000122   Section        0  libinit2.o(.ARM.Collect$$libinit$$00000019)
    .ARM.Collect$$libinit$$0000001B          0x00000122   Section        0  libinit2.o(.ARM.Collect$$libinit$$0000001B)
    .ARM.Collect$$libinit$$0000001D          0x00000122   Section        0  libinit2.o(.ARM.Collect$$libinit$$0000001D)
    .ARM.Collect$$libinit$$0000001F          0x00000122   Section        0  libinit2.o(.ARM.Collect$$libinit$$0000001F)
    .ARM.Collect$$libinit$$00000021          0x00000122   Section        0  libinit2.o(.ARM.Collect$$libinit$$00000021)
    .ARM.Collect$$libinit$$00000023          0x00000122   Section        0  libinit2.o(.ARM.Collect$$libinit$$00000023)
    .ARM.Collect$$libinit$$00000025          0x00000122   Section        0  libinit2.o(.ARM.Collect$$libinit$$00000025)
    .ARM.Collect$$libinit$$00000027          0x00000122   Section        0  libinit2.o(.ARM.Collect$$libinit$$00000027)
    .ARM.Collect$$libinit$$0000002E          0x00000122   Section        0  libinit2.o(.ARM.Collect$$libinit$$0000002E)
    .ARM.Collect$$libinit$$00000030          0x00000122   Section        0  libinit2.o(.ARM.Collect$$libinit$$00000030)
    .ARM.Collect$$libinit$$00000032          0x00000122   Section        0  libinit2.o(.ARM.Collect$$libinit$$00000032)
    .ARM.Collect$$libinit$$00000034          0x00000122   Section        0  libinit2.o(.ARM.Collect$$libinit$$00000034)
    .ARM.Collect$$libinit$$00000035          0x00000122   Section        2  libinit2.o(.ARM.Collect$$libinit$$00000035)
    .ARM.Collect$$libshutdown$$00000000      0x00000124   Section        2  libshutdown.o(.ARM.Collect$$libshutdown$$00000000)
    .ARM.Collect$$libshutdown$$00000002      0x00000126   Section        0  libshutdown2.o(.ARM.Collect$$libshutdown$$00000002)
    .ARM.Collect$$libshutdown$$00000004      0x00000126   Section        0  libshutdown2.o(.ARM.Collect$$libshutdown$$00000004)
    .ARM.Collect$$libshutdown$$00000007      0x00000126   Section        0  libshutdown2.o(.ARM.Collect$$libshutdown$$00000007)
    .ARM.Collect$$libshutdown$$0000000A      0x00000126   Section        0  libshutdown2.o(.ARM.Collect$$libshutdown$$0000000A)
    .ARM.Collect$$libshutdown$$0000000C      0x00000126   Section        0  libshutdown2.o(.ARM.Collect$$libshutdown$$0000000C)
    .ARM.Collect$$libshutdown$$0000000F      0x00000126   Section        0  libshutdown2.o(.ARM.Collect$$libshutdown$$0000000F)
    .ARM.Collect$$libshutdown$$00000010      0x00000126   Section        2  libshutdown2.o(.ARM.Collect$$libshutdown$$00000010)
    .ARM.Collect$$rtentry$$00000000          0x00000128   Section        0  __rtentry.o(.ARM.Collect$$rtentry$$00000000)
    .ARM.Collect$$rtentry$$00000002          0x00000128   Section        0  __rtentry2.o(.ARM.Collect$$rtentry$$00000002)
    .ARM.Collect$$rtentry$$00000004          0x00000128   Section        6  __rtentry4.o(.ARM.Collect$$rtentry$$00000004)
    .ARM.Collect$$rtentry$$00000009          0x0000012e   Section        0  __rtentry2.o(.ARM.Collect$$rtentry$$00000009)
    .ARM.Collect$$rtentry$$0000000A          0x0000012e   Section        4  __rtentry2.o(.ARM.Collect$$rtentry$$0000000A)
    .ARM.Collect$$rtentry$$0000000C          0x00000132   Section        0  __rtentry2.o(.ARM.Collect$$rtentry$$0000000C)
    .ARM.Collect$$rtentry$$0000000D          0x00000132   Section        8  __rtentry2.o(.ARM.Collect$$rtentry$$0000000D)
    .ARM.Collect$$rtexit$$00000000           0x0000013a   Section        2  rtexit.o(.ARM.Collect$$rtexit$$00000000)
    .ARM.Collect$$rtexit$$00000002           0x0000013c   Section        0  rtexit2.o(.ARM.Collect$$rtexit$$00000002)
    .ARM.Collect$$rtexit$$00000003           0x0000013c   Section        4  rtexit2.o(.ARM.Collect$$rtexit$$00000003)
    .ARM.Collect$$rtexit$$00000004           0x00000140   Section        6  rtexit2.o(.ARM.Collect$$rtexit$$00000004)
    .text                                    0x00000148   Section       64  startup_mkl25z4.o(.text)
    .text                                    0x00000188   Section      364  aeabi_sdiv.o(.text)
    .text                                    0x000002f4   Section        0  heapauxi.o(.text)
    .text                                    0x000002fa   Section       62  sys_stackheap_outer.o(.text)
    .text                                    0x00000338   Section        0  exit.o(.text)
    .text                                    0x00000348   Section        8  libspace.o(.text)
    .text                                    0x00000350   Section        0  sys_exit.o(.text)
    .text                                    0x0000035c   Section        2  use_no_semi.o(.text)
    .text                                    0x0000035e   Section        0  indicate_semi.o(.text)
    [Anonymous Symbol]                       0x00000360   Section        0  adc.o(.text.ADC0_Init)
    [Anonymous Symbol]                       0x000003a4   Section        0  pit.o(.text.PIT_IRQHandler)
    __arm_cp.4_0                             0x000003c8   Number         4  pit.o(.text.PIT_IRQHandler)
    [Anonymous Symbol]                       0x000003cc   Section        0  system_mkl25z4.o(.text.SystemInit)
    __arm_cp.0_0                             0x000003d4   Number         4  system_mkl25z4.o(.text.SystemInit)
    .ARM.__at_0x400                          0x00000400   Section       16  startup_mkl25z4.o(.ARM.__at_0x400)
    [Anonymous Symbol]                       0x00000410   Section        0  adc.o(.text.ADC0_Calibrate)
    __arm_cp.1_0                             0x0000051c   Number         4  adc.o(.text.ADC0_Calibrate)
    __arm_cp.1_1                             0x00000520   Number         4  adc.o(.text.ADC0_Calibrate)
    __arm_cp.1_2                             0x00000524   Number         4  adc.o(.text.ADC0_Calibrate)
    __arm_cp.1_3                             0x00000528   Number         4  adc.o(.text.ADC0_Calibrate)
    __arm_cp.1_4                             0x0000052c   Number         4  adc.o(.text.ADC0_Calibrate)
    __arm_cp.1_5                             0x00000530   Number         4  adc.o(.text.ADC0_Calibrate)
    __arm_cp.1_6                             0x00000534   Number         4  adc.o(.text.ADC0_Calibrate)
    __arm_cp.1_7                             0x00000538   Number         4  adc.o(.text.ADC0_Calibrate)
    __arm_cp.1_8                             0x0000053c   Number         4  adc.o(.text.ADC0_Calibrate)
    __arm_cp.1_9                             0x00000540   Number         4  adc.o(.text.ADC0_Calibrate)
    __arm_cp.1_10                            0x00000544   Number         4  adc.o(.text.ADC0_Calibrate)
    __arm_cp.1_11                            0x00000548   Number         4  adc.o(.text.ADC0_Calibrate)
    __arm_cp.1_12                            0x0000054c   Number         4  adc.o(.text.ADC0_Calibrate)
    __arm_cp.1_13                            0x00000550   Number         4  adc.o(.text.ADC0_Calibrate)
    __arm_cp.1_14                            0x00000554   Number         4  adc.o(.text.ADC0_Calibrate)
    __arm_cp.1_15                            0x00000558   Number         4  adc.o(.text.ADC0_Calibrate)
    __arm_cp.1_16                            0x0000055c   Number         4  adc.o(.text.ADC0_Calibrate)
    __arm_cp.1_17                            0x00000560   Number         4  adc.o(.text.ADC0_Calibrate)
    [Anonymous Symbol]                       0x00000564   Section        0  pit.o(.text.PIT_Init)
    __arm_cp.0_0                             0x000005b4   Number         4  pit.o(.text.PIT_Init)
    __arm_cp.0_1                             0x000005b8   Number         4  pit.o(.text.PIT_Init)
    __arm_cp.0_2                             0x000005bc   Number         4  pit.o(.text.PIT_Init)
    __arm_cp.0_3                             0x000005c0   Number         4  pit.o(.text.PIT_Init)
    __arm_cp.0_4                             0x000005c4   Number         4  pit.o(.text.PIT_Init)
    [Anonymous Symbol]                       0x000005c8   Section        0  clocksettings.o(.text.SysTick_Handler)
    __arm_cp.3_0                             0x00000668   Number         4  clocksettings.o(.text.SysTick_Handler)
    __arm_cp.3_1                             0x0000066c   Number         4  clocksettings.o(.text.SysTick_Handler)
    __arm_cp.3_2                             0x00000670   Number         4  clocksettings.o(.text.SysTick_Handler)
    __arm_cp.3_3                             0x00000674   Number         4  clocksettings.o(.text.SysTick_Handler)
    __arm_cp.3_4                             0x00000678   Number         4  clocksettings.o(.text.SysTick_Handler)
    __arm_cp.3_5                             0x0000067c   Number         4  clocksettings.o(.text.SysTick_Handler)
    __arm_cp.3_6                             0x00000680   Number         4  clocksettings.o(.text.SysTick_Handler)
    __arm_cp.3_7                             0x00000684   Number         4  clocksettings.o(.text.SysTick_Handler)
    __arm_cp.3_8                             0x00000688   Number         4  clocksettings.o(.text.SysTick_Handler)
    __arm_cp.3_9                             0x0000068c   Number         4  clocksettings.o(.text.SysTick_Handler)
    [Anonymous Symbol]                       0x00000690   Section        0  clocksettings.o(.text.SystemClockTick_Configure)
    __arm_cp.1_0                             0x000006bc   Number         4  clocksettings.o(.text.SystemClockTick_Configure)
    __arm_cp.1_1                             0x000006c0   Number         4  clocksettings.o(.text.SystemClockTick_Configure)
    __arm_cp.1_2                             0x000006c4   Number         4  clocksettings.o(.text.SystemClockTick_Configure)
    __arm_cp.1_3                             0x000006c8   Number         4  clocksettings.o(.text.SystemClockTick_Configure)
    [Anonymous Symbol]                       0x000006cc   Section        0  clocksettings.o(.text.SystemClock_Configure)
    __arm_cp.0_0                             0x000006f0   Number         4  clocksettings.o(.text.SystemClock_Configure)
    __arm_cp.0_1                             0x000006f4   Number         4  clocksettings.o(.text.SystemClock_Configure)
    [Anonymous Symbol]                       0x000006f8   Section        0  uart.o(.text.UART0_Init)
    __arm_cp.2_0                             0x000007b8   Number         4  uart.o(.text.UART0_Init)
    __arm_cp.2_1                             0x000007bc   Number         4  uart.o(.text.UART0_Init)
    __arm_cp.2_2                             0x000007c0   Number         4  uart.o(.text.UART0_Init)
    __arm_cp.2_3                             0x000007c4   Number         4  uart.o(.text.UART0_Init)
    __arm_cp.2_4                             0x000007c8   Number         4  uart.o(.text.UART0_Init)
    __arm_cp.2_5                             0x000007cc   Number         4  uart.o(.text.UART0_Init)
    __arm_cp.2_6                             0x000007d0   Number         4  uart.o(.text.UART0_Init)
    __arm_cp.2_7                             0x000007d4   Number         4  uart.o(.text.UART0_Init)
    __arm_cp.2_8                             0x000007d8   Number         4  uart.o(.text.UART0_Init)
    __arm_cp.2_9                             0x000007dc   Number         4  uart.o(.text.UART0_Init)
    __arm_cp.2_10                            0x000007e0   Number         4  uart.o(.text.UART0_Init)
    __arm_cp.2_11                            0x000007e4   Number         4  uart.o(.text.UART0_Init)
    __arm_cp.2_12                            0x000007e8   Number         4  uart.o(.text.UART0_Init)
    [Anonymous Symbol]                       0x000007ec   Section        0  uart.o(.text.UART0_Transmit)
    __arm_cp.0_0                             0x0000080c   Number         4  uart.o(.text.UART0_Transmit)
    __arm_cp.0_1                             0x00000810   Number         4  uart.o(.text.UART0_Transmit)
    __NVIC_ClearPendingIRQ                   0x00000815   Thumb Code    40  pit.o(.text.__NVIC_ClearPendingIRQ)
    [Anonymous Symbol]                       0x00000814   Section        0  pit.o(.text.__NVIC_ClearPendingIRQ)
    __arm_cp.1_0                             0x0000083c   Number         4  pit.o(.text.__NVIC_ClearPendingIRQ)
    __NVIC_EnableIRQ                         0x00000841   Thumb Code    40  pit.o(.text.__NVIC_EnableIRQ)
    [Anonymous Symbol]                       0x00000840   Section        0  pit.o(.text.__NVIC_EnableIRQ)
    __arm_cp.3_0                             0x00000868   Number         4  pit.o(.text.__NVIC_EnableIRQ)
    __NVIC_SetPriority                       0x0000086d   Thumb Code   124  pit.o(.text.__NVIC_SetPriority)
    [Anonymous Symbol]                       0x0000086c   Section        0  pit.o(.text.__NVIC_SetPriority)
    __NVIC_SetPriority                       0x000008e9   Thumb Code   124  clocksettings.o(.text.__NVIC_SetPriority)
    [Anonymous Symbol]                       0x000008e8   Section        0  clocksettings.o(.text.__NVIC_SetPriority)
    __arm_cp.2_0                             0x00000964   Number         4  clocksettings.o(.text.__NVIC_SetPriority)
    __arm_cp.2_1                             0x00000968   Number         4  clocksettings.o(.text.__NVIC_SetPriority)
    [Anonymous Symbol]                       0x0000096c   Section        0  main.o(.text.main)
    .bss                                     0x1ffff000   Section       96  libspace.o(.bss)
    Heap_Mem                                 0x1ffff070   Data           0  startup_mkl25z4.o(HEAP)
    Stack_Mem                                0x1ffff070   Data         256  startup_mkl25z4.o(STACK)
    HEAP                                     0x1ffff070   Section        0  startup_mkl25z4.o(HEAP)
    STACK                                    0x1ffff070   Section      256  startup_mkl25z4.o(STACK)
    __initial_sp                             0x1ffff170   Data           0  startup_mkl25z4.o(STACK)

    Global Symbols

    Symbol Name                              Value     Ov Type        Size  Object(Section)

    BuildAttributes$$THM_ISAv3M$S$PE$A:L22$X:L11$S22$IEEE1$IW$~IW$USESV6$~STKCKD$USESV7$~SHL$OSPACE$ROPI$EBA8$UX$STANDARDLIB$REQ8$PRES8$EABIv2 0x00000000   Number         0  anon$$obj.o ABSOLUTE
    __Vectors                                0x00000000   Data           4  startup_mkl25z4.o(RESET)
    __ARM_exceptions_init                     - Undefined Weak Reference
    __alloca_initialize                       - Undefined Weak Reference
    __arm_preinit_                            - Undefined Weak Reference
    __arm_relocate_pie_                       - Undefined Weak Reference
    __cpp_initialize__aeabi_                  - Undefined Weak Reference
    __cxa_finalize                            - Undefined Weak Reference
    __rt_locale                               - Undefined Weak Reference
    __sigvec_lookup                           - Undefined Weak Reference
    _atexit_init                              - Undefined Weak Reference
    _call_atexit_fns                          - Undefined Weak Reference
    _clock_init                               - Undefined Weak Reference
    _fp_trap_init                             - Undefined Weak Reference
    _fp_trap_shutdown                         - Undefined Weak Reference
    _get_lc_collate                           - Undefined Weak Reference
    _get_lc_ctype                             - Undefined Weak Reference
    _get_lc_monetary                          - Undefined Weak Reference
    _get_lc_numeric                           - Undefined Weak Reference
    _get_lc_time                              - Undefined Weak Reference
    _getenv_init                              - Undefined Weak Reference
    _handle_redirection                       - Undefined Weak Reference
    _init_alloc                               - Undefined Weak Reference
    _init_user_alloc                          - Undefined Weak Reference
    _initio                                   - Undefined Weak Reference
    _rand_init                                - Undefined Weak Reference
    _signal_finish                            - Undefined Weak Reference
    _signal_init                              - Undefined Weak Reference
    _terminate_alloc                          - Undefined Weak Reference
    _terminate_user_alloc                     - Undefined Weak Reference
    _terminateio                              - Undefined Weak Reference
    __Vectors_End                            0x000000c0   Data           0  startup_mkl25z4.o(RESET)
    __Vectors_Size                           0x000000c0   Number         0  startup_mkl25z4.o ABSOLUTE
    __main                                   0x000000c1   Thumb Code     8  __main.o(!!!main)
    __scatterload                            0x000000c9   Thumb Code     0  __scatter.o(!!!scatter)
    __scatterload_rt2                        0x000000c9   Thumb Code    52  __scatter.o(!!!scatter)
    __scatterload_rt2_thumb_only             0x000000c9   Thumb Code     0  __scatter.o(!!!scatter)
    __scatterload_null                       0x000000d9   Thumb Code     0  __scatter.o(!!!scatter)
    __scatterload_zeroinit                   0x00000105   Thumb Code    28  __scatter_zi.o(!!handler_zi)
    __rt_lib_init                            0x00000121   Thumb Code     0  libinit.o(.ARM.Collect$$libinit$$00000000)
    __rt_lib_init_alloca_1                   0x00000123   Thumb Code     0  libinit2.o(.ARM.Collect$$libinit$$00000030)
    __rt_lib_init_argv_1                     0x00000123   Thumb Code     0  libinit2.o(.ARM.Collect$$libinit$$0000002E)
    __rt_lib_init_atexit_1                   0x00000123   Thumb Code     0  libinit2.o(.ARM.Collect$$libinit$$0000001D)
    __rt_lib_init_clock_1                    0x00000123   Thumb Code     0  libinit2.o(.ARM.Collect$$libinit$$00000023)
    __rt_lib_init_cpp_1                      0x00000123   Thumb Code     0  libinit2.o(.ARM.Collect$$libinit$$00000034)
    __rt_lib_init_exceptions_1               0x00000123   Thumb Code     0  libinit2.o(.ARM.Collect$$libinit$$00000032)
    __rt_lib_init_fp_1                       0x00000123   Thumb Code     0  libinit2.o(.ARM.Collect$$libinit$$00000002)
    __rt_lib_init_fp_trap_1                  0x00000123   Thumb Code     0  libinit2.o(.ARM.Collect$$libinit$$00000021)
    __rt_lib_init_getenv_1                   0x00000123   Thumb Code     0  libinit2.o(.ARM.Collect$$libinit$$00000025)
    __rt_lib_init_heap_1                     0x00000123   Thumb Code     0  libinit2.o(.ARM.Collect$$libinit$$0000000C)
    __rt_lib_init_lc_collate_1               0x00000123   Thumb Code     0  libinit2.o(.ARM.Collect$$libinit$$00000013)
    __rt_lib_init_lc_ctype_1                 0x00000123   Thumb Code     0  libinit2.o(.ARM.Collect$$libinit$$00000015)
    __rt_lib_init_lc_monetary_1              0x00000123   Thumb Code     0  libinit2.o(.ARM.Collect$$libinit$$00000017)
    __rt_lib_init_lc_numeric_1               0x00000123   Thumb Code     0  libinit2.o(.ARM.Collect$$libinit$$00000019)
    __rt_lib_init_lc_time_1                  0x00000123   Thumb Code     0  libinit2.o(.ARM.Collect$$libinit$$0000001B)
    __rt_lib_init_preinit_1                  0x00000123   Thumb Code     0  libinit2.o(.ARM.Collect$$libinit$$00000006)
    __rt_lib_init_rand_1                     0x00000123   Thumb Code     0  libinit2.o(.ARM.Collect$$libinit$$00000010)
    __rt_lib_init_relocate_pie_1             0x00000123   Thumb Code     0  libinit2.o(.ARM.Collect$$libinit$$00000004)
    __rt_lib_init_return                     0x00000123   Thumb Code     0  libinit2.o(.ARM.Collect$$libinit$$00000035)
    __rt_lib_init_signal_1                   0x00000123   Thumb Code     0  libinit2.o(.ARM.Collect$$libinit$$0000001F)
    __rt_lib_init_stdio_1                    0x00000123   Thumb Code     0  libinit2.o(.ARM.Collect$$libinit$$00000027)
    __rt_lib_init_user_alloc_1               0x00000123   Thumb Code     0  libinit2.o(.ARM.Collect$$libinit$$0000000E)
    __rt_lib_shutdown                        0x00000125   Thumb Code     0  libshutdown.o(.ARM.Collect$$libshutdown$$00000000)
    __rt_lib_shutdown_cpp_1                  0x00000127   Thumb Code     0  libshutdown2.o(.ARM.Collect$$libshutdown$$00000002)
    __rt_lib_shutdown_fp_trap_1              0x00000127   Thumb Code     0  libshutdown2.o(.ARM.Collect$$libshutdown$$00000007)
    __rt_lib_shutdown_heap_1                 0x00000127   Thumb Code     0  libshutdown2.o(.ARM.Collect$$libshutdown$$0000000F)
    __rt_lib_shutdown_return                 0x00000127   Thumb Code     0  libshutdown2.o(.ARM.Collect$$libshutdown$$00000010)
    __rt_lib_shutdown_signal_1               0x00000127   Thumb Code     0  libshutdown2.o(.ARM.Collect$$libshutdown$$0000000A)
    __rt_lib_shutdown_stdio_1                0x00000127   Thumb Code     0  libshutdown2.o(.ARM.Collect$$libshutdown$$00000004)
    __rt_lib_shutdown_user_alloc_1           0x00000127   Thumb Code     0  libshutdown2.o(.ARM.Collect$$libshutdown$$0000000C)
    __rt_entry                               0x00000129   Thumb Code     0  __rtentry.o(.ARM.Collect$$rtentry$$00000000)
    __rt_entry_presh_1                       0x00000129   Thumb Code     0  __rtentry2.o(.ARM.Collect$$rtentry$$00000002)
    __rt_entry_sh                            0x00000129   Thumb Code     0  __rtentry4.o(.ARM.Collect$$rtentry$$00000004)
    __rt_entry_li                            0x0000012f   Thumb Code     0  __rtentry2.o(.ARM.Collect$$rtentry$$0000000A)
    __rt_entry_postsh_1                      0x0000012f   Thumb Code     0  __rtentry2.o(.ARM.Collect$$rtentry$$00000009)
    __rt_entry_main                          0x00000133   Thumb Code     0  __rtentry2.o(.ARM.Collect$$rtentry$$0000000D)
    __rt_entry_postli_1                      0x00000133   Thumb Code     0  __rtentry2.o(.ARM.Collect$$rtentry$$0000000C)
    __rt_exit                                0x0000013b   Thumb Code     0  rtexit.o(.ARM.Collect$$rtexit$$00000000)
    __rt_exit_ls                             0x0000013d   Thumb Code     0  rtexit2.o(.ARM.Collect$$rtexit$$00000003)
    __rt_exit_prels_1                        0x0000013d   Thumb Code     0  rtexit2.o(.ARM.Collect$$rtexit$$00000002)
    __rt_exit_exit                           0x00000141   Thumb Code     0  rtexit2.o(.ARM.Collect$$rtexit$$00000004)
    Reset_Handler                            0x00000149   Thumb Code    12  startup_mkl25z4.o(.text)
    NMI_Handler                              0x00000155   Thumb Code     2  startup_mkl25z4.o(.text)
    HardFault_Handler                        0x00000157   Thumb Code     2  startup_mkl25z4.o(.text)
    SVC_Handler                              0x00000159   Thumb Code     2  startup_mkl25z4.o(.text)
    PendSV_Handler                           0x0000015b   Thumb Code     2  startup_mkl25z4.o(.text)
    ADC0_IRQHandler                          0x0000015f   Thumb Code     0  startup_mkl25z4.o(.text)
    CMP0_IRQHandler                          0x0000015f   Thumb Code     0  startup_mkl25z4.o(.text)
    DAC0_IRQHandler                          0x0000015f   Thumb Code     0  startup_mkl25z4.o(.text)
    DMA0_IRQHandler                          0x0000015f   Thumb Code     0  startup_mkl25z4.o(.text)
    DMA1_IRQHandler                          0x0000015f   Thumb Code     0  startup_mkl25z4.o(.text)
    DMA2_IRQHandler                          0x0000015f   Thumb Code     0  startup_mkl25z4.o(.text)
    DMA3_IRQHandler                          0x0000015f   Thumb Code     0  startup_mkl25z4.o(.text)
    DefaultISR                               0x0000015f   Thumb Code     0  startup_mkl25z4.o(.text)
    FTFA_IRQHandler                          0x0000015f   Thumb Code     0  startup_mkl25z4.o(.text)
    I2C0_IRQHandler                          0x0000015f   Thumb Code     0  startup_mkl25z4.o(.text)
    I2C1_IRQHandler                          0x0000015f   Thumb Code     0  startup_mkl25z4.o(.text)
    LLWU_IRQHandler                          0x0000015f   Thumb Code     0  startup_mkl25z4.o(.text)
    LPTMR0_IRQHandler                        0x0000015f   Thumb Code     0  startup_mkl25z4.o(.text)
    LVD_LVW_IRQHandler                       0x0000015f   Thumb Code     0  startup_mkl25z4.o(.text)
    MCG_IRQHandler                           0x0000015f   Thumb Code     0  startup_mkl25z4.o(.text)
    PORTA_IRQHandler                         0x0000015f   Thumb Code     0  startup_mkl25z4.o(.text)
    PORTD_IRQHandler                         0x0000015f   Thumb Code     0  startup_mkl25z4.o(.text)
    RTC_IRQHandler                           0x0000015f   Thumb Code     0  startup_mkl25z4.o(.text)
    RTC_Seconds_IRQHandler                   0x0000015f   Thumb Code     0  startup_mkl25z4.o(.text)
    Reserved20_IRQHandler                    0x0000015f   Thumb Code     0  startup_mkl25z4.o(.text)
    Reserved39_IRQHandler                    0x0000015f   Thumb Code     0  startup_mkl25z4.o(.text)
    Reserved45_IRQHandler                    0x0000015f   Thumb Code     0  startup_mkl25z4.o(.text)
    SPI0_IRQHandler                          0x0000015f   Thumb Code     0  startup_mkl25z4.o(.text)
    SPI1_IRQHandler                          0x0000015f   Thumb Code     0  startup_mkl25z4.o(.text)
    TPM0_IRQHandler                          0x0000015f   Thumb Code     0  startup_mkl25z4.o(.text)
    TPM1_IRQHandler                          0x0000015f   Thumb Code     0  startup_mkl25z4.o(.text)
    TPM2_IRQHandler                          0x0000015f   Thumb Code     0  startup_mkl25z4.o(.text)
    TSI0_IRQHandler                          0x0000015f   Thumb Code     0  startup_mkl25z4.o(.text)
    UART0_IRQHandler                         0x0000015f   Thumb Code     0  startup_mkl25z4.o(.text)
    UART1_IRQHandler                         0x0000015f   Thumb Code     0  startup_mkl25z4.o(.text)
    UART2_IRQHandler                         0x0000015f   Thumb Code     0  startup_mkl25z4.o(.text)
    USB0_IRQHandler                          0x0000015f   Thumb Code     0  startup_mkl25z4.o(.text)
    __user_initial_stackheap                 0x00000165   Thumb Code     0  startup_mkl25z4.o(.text)
    __aeabi_uidiv                            0x00000189   Thumb Code     0  aeabi_sdiv.o(.text)
    __aeabi_uidivmod                         0x00000189   Thumb Code    20  aeabi_sdiv.o(.text)
    __aeabi_idiv                             0x0000019d   Thumb Code     0  aeabi_sdiv.o(.text)
    __aeabi_idivmod                          0x0000019d   Thumb Code   338  aeabi_sdiv.o(.text)
    __use_two_region_memory                  0x000002f5   Thumb Code     2  heapauxi.o(.text)
    __rt_heap_escrow$2region                 0x000002f7   Thumb Code     2  heapauxi.o(.text)
    __rt_heap_expand$2region                 0x000002f9   Thumb Code     2  heapauxi.o(.text)
    __user_setup_stackheap                   0x000002fb   Thumb Code    62  sys_stackheap_outer.o(.text)
    exit                                     0x00000339   Thumb Code    16  exit.o(.text)
    __user_libspace                          0x00000349   Thumb Code     8  libspace.o(.text)
    __user_perproc_libspace                  0x00000349   Thumb Code     0  libspace.o(.text)
    __user_perthread_libspace                0x00000349   Thumb Code     0  libspace.o(.text)
    _sys_exit                                0x00000351   Thumb Code     8  sys_exit.o(.text)
    __I$use$semihosting                      0x0000035d   Thumb Code     0  use_no_semi.o(.text)
    __use_no_semihosting_swi                 0x0000035d   Thumb Code     2  use_no_semi.o(.text)
    __semihosting_library_function           0x0000035f   Thumb Code     0  indicate_semi.o(.text)
    ADC0_Init                                0x00000361   Thumb Code    68  adc.o(.text.ADC0_Init)
    PIT_IRQHandler                           0x000003a5   Thumb Code    36  pit.o(.text.PIT_IRQHandler)
    SystemInit                               0x000003cd   Thumb Code     8  system_mkl25z4.o(.text.SystemInit)
    Region$$Table$$Base                      0x000003d8   Number         0  anon$$obj.o(Region$$Table)
    Region$$Table$$Limit                     0x000003e8   Number         0  anon$$obj.o(Region$$Table)
    ADC0_Calibrate                           0x00000411   Thumb Code   268  adc.o(.text.ADC0_Calibrate)
    PIT_Init                                 0x00000565   Thumb Code    80  pit.o(.text.PIT_Init)
    SysTick_Handler                          0x000005c9   Thumb Code   160  clocksettings.o(.text.SysTick_Handler)
    SystemClockTick_Configure                0x00000691   Thumb Code    44  clocksettings.o(.text.SystemClockTick_Configure)
    SystemClock_Configure                    0x000006cd   Thumb Code    36  clocksettings.o(.text.SystemClock_Configure)
    UART0_Init                               0x000006f9   Thumb Code   192  uart.o(.text.UART0_Init)
    UART0_Transmit                           0x000007ed   Thumb Code    32  uart.o(.text.UART0_Transmit)
    main                                     0x0000096d   Thumb Code    48  main.o(.text.main)
    __libspace_start                         0x1ffff000   Data          96  libspace.o(.bss)
    __temporary_stack_top$libspace           0x1ffff060   Data           0  libspace.o(.bss)
    base_tick                                0x1ffff060   Data           2  clocksettings.o(.bss.base_tick)
    flag_100ms                               0x1ffff062   Data           1  clocksettings.o(.bss.flag_100ms)
    flag_1s                                  0x1ffff063   Data           1  clocksettings.o(.bss.flag_1s)
    flag_500ms                               0x1ffff064   Data           1  clocksettings.o(.bss.flag_500ms)
    flag_50ms                                0x1ffff065   Data           1  clocksettings.o(.bss.flag_50ms)
    flag_5s                                  0x1ffff066   Data           1  clocksettings.o(.bss.flag_5s)
    tick_100ms                               0x1ffff068   Data           2  clocksettings.o(.bss.tick_100ms)
    tick_1s                                  0x1ffff06a   Data           2  clocksettings.o(.bss.tick_1s)
    tick_500ms                               0x1ffff06c   Data           2  clocksettings.o(.bss.tick_500ms)
    tick_50ms                                0x1ffff06e   Data           2  clocksettings.o(.bss.tick_50ms)



==============================================================================

Memory Map of the image

  Image Entry point : 0x00000149

  Load Region LR_1 (Base: 0x00000000, Size: 0x0000099c, Max: 0xffffffff, ABSOLUTE)

    Execution Region ER_RO (Exec base: 0x00000000, Load base: 0x00000000, Size: 0x0000099c, Max: 0xffffffff, ABSOLUTE)

    Exec Addr    Load Addr    Size         Type   Attr      Idx    E Section Name        Object

    0x00000000   0x00000000   0x000000c0   Data   RO           98    RESET               startup_mkl25z4.o
    0x000000c0   0x000000c0   0x00000008   Code   RO          128  * !!!main             c_p.l(__main.o)
    0x000000c8   0x000000c8   0x0000003c   Code   RO          305    !!!scatter          c_p.l(__scatter.o)
    0x00000104   0x00000104   0x0000001c   Code   RO          307    !!handler_zi        c_p.l(__scatter_zi.o)
    0x00000120   0x00000120   0x00000002   Code   RO          166    .ARM.Collect$$libinit$$00000000  c_p.l(libinit.o)
    0x00000122   0x00000122   0x00000000   Code   RO          180    .ARM.Collect$$libinit$$00000002  c_p.l(libinit2.o)
    0x00000122   0x00000122   0x00000000   Code   RO          182    .ARM.Collect$$libinit$$00000004  c_p.l(libinit2.o)
    0x00000122   0x00000122   0x00000000   Code   RO          184    .ARM.Collect$$libinit$$00000006  c_p.l(libinit2.o)
    0x00000122   0x00000122   0x00000000   Code   RO          187    .ARM.Collect$$libinit$$0000000C  c_p.l(libinit2.o)
    0x00000122   0x00000122   0x00000000   Code   RO          189    .ARM.Collect$$libinit$$0000000E  c_p.l(libinit2.o)
    0x00000122   0x00000122   0x00000000   Code   RO          191    .ARM.Collect$$libinit$$00000010  c_p.l(libinit2.o)
    0x00000122   0x00000122   0x00000000   Code   RO          194    .ARM.Collect$$libinit$$00000013  c_p.l(libinit2.o)
    0x00000122   0x00000122   0x00000000   Code   RO          196    .ARM.Collect$$libinit$$00000015  c_p.l(libinit2.o)
    0x00000122   0x00000122   0x00000000   Code   RO          198    .ARM.Collect$$libinit$$00000017  c_p.l(libinit2.o)
    0x00000122   0x00000122   0x00000000   Code   RO          200    .ARM.Collect$$libinit$$00000019  c_p.l(libinit2.o)
    0x00000122   0x00000122   0x00000000   Code   RO          202    .ARM.Collect$$libinit$$0000001B  c_p.l(libinit2.o)
    0x00000122   0x00000122   0x00000000   Code   RO          204    .ARM.Collect$$libinit$$0000001D  c_p.l(libinit2.o)
    0x00000122   0x00000122   0x00000000   Code   RO          206    .ARM.Collect$$libinit$$0000001F  c_p.l(libinit2.o)
    0x00000122   0x00000122   0x00000000   Code   RO          208    .ARM.Collect$$libinit$$00000021  c_p.l(libinit2.o)
    0x00000122   0x00000122   0x00000000   Code   RO          210    .ARM.Collect$$libinit$$00000023  c_p.l(libinit2.o)
    0x00000122   0x00000122   0x00000000   Code   RO          212    .ARM.Collect$$libinit$$00000025  c_p.l(libinit2.o)
    0x00000122   0x00000122   0x00000000   Code   RO          214    .ARM.Collect$$libinit$$00000027  c_p.l(libinit2.o)
    0x00000122   0x00000122   0x00000000   Code   RO          218    .ARM.Collect$$libinit$$0000002E  c_p.l(libinit2.o)
    0x00000122   0x00000122   0x00000000   Code   RO          220    .ARM.Collect$$libinit$$00000030  c_p.l(libinit2.o)
    0x00000122   0x00000122   0x00000000   Code   RO          222    .ARM.Collect$$libinit$$00000032  c_p.l(libinit2.o)
    0x00000122   0x00000122   0x00000000   Code   RO          224    .ARM.Collect$$libinit$$00000034  c_p.l(libinit2.o)
    0x00000122   0x00000122   0x00000002   Code   RO          225    .ARM.Collect$$libinit$$00000035  c_p.l(libinit2.o)
    0x00000124   0x00000124   0x00000002   Code   RO          260    .ARM.Collect$$libshutdown$$00000000  c_p.l(libshutdown.o)
    0x00000126   0x00000126   0x00000000   Code   RO          288    .ARM.Collect$$libshutdown$$00000002  c_p.l(libshutdown2.o)
    0x00000126   0x00000126   0x00000000   Code   RO          290    .ARM.Collect$$libshutdown$$00000004  c_p.l(libshutdown2.o)
    0x00000126   0x00000126   0x00000000   Code   RO          293    .ARM.Collect$$libshutdown$$00000007  c_p.l(libshutdown2.o)
    0x00000126   0x00000126   0x00000000   Code   RO          296    .ARM.Collect$$libshutdown$$0000000A  c_p.l(libshutdown2.o)
    0x00000126   0x00000126   0x00000000   Code   RO          298    .ARM.Collect$$libshutdown$$0000000C  c_p.l(libshutdown2.o)
    0x00000126   0x00000126   0x00000000   Code   RO          301    .ARM.Collect$$libshutdown$$0000000F  c_p.l(libshutdown2.o)
    0x00000126   0x00000126   0x00000002   Code   RO          302    .ARM.Collect$$libshutdown$$00000010  c_p.l(libshutdown2.o)
    0x00000128   0x00000128   0x00000000   Code   RO          130    .ARM.Collect$$rtentry$$00000000  c_p.l(__rtentry.o)
    0x00000128   0x00000128   0x00000000   Code   RO          136    .ARM.Collect$$rtentry$$00000002  c_p.l(__rtentry2.o)
    0x00000128   0x00000128   0x00000006   Code   RO          148    .ARM.Collect$$rtentry$$00000004  c_p.l(__rtentry4.o)
    0x0000012e   0x0000012e   0x00000000   Code   RO          138    .ARM.Collect$$rtentry$$00000009  c_p.l(__rtentry2.o)
    0x0000012e   0x0000012e   0x00000004   Code   RO          139    .ARM.Collect$$rtentry$$0000000A  c_p.l(__rtentry2.o)
    0x00000132   0x00000132   0x00000000   Code   RO          141    .ARM.Collect$$rtentry$$0000000C  c_p.l(__rtentry2.o)
    0x00000132   0x00000132   0x00000008   Code   RO          142    .ARM.Collect$$rtentry$$0000000D  c_p.l(__rtentry2.o)
    0x0000013a   0x0000013a   0x00000002   Code   RO          171    .ARM.Collect$$rtexit$$00000000  c_p.l(rtexit.o)
    0x0000013c   0x0000013c   0x00000000   Code   RO          231    .ARM.Collect$$rtexit$$00000002  c_p.l(rtexit2.o)
    0x0000013c   0x0000013c   0x00000004   Code   RO          232    .ARM.Collect$$rtexit$$00000003  c_p.l(rtexit2.o)
    0x00000140   0x00000140   0x00000006   Code   RO          233    .ARM.Collect$$rtexit$$00000004  c_p.l(rtexit2.o)
    0x00000146   0x00000146   0x00000002   PAD
    0x00000148   0x00000148   0x00000040   Code   RO          100  * .text               startup_mkl25z4.o
    0x00000188   0x00000188   0x0000016c   Code   RO          122    .text               c_p.l(aeabi_sdiv.o)
    0x000002f4   0x000002f4   0x00000006   Code   RO          126    .text               c_p.l(heapauxi.o)
    0x000002fa   0x000002fa   0x0000003e   Code   RO          152    .text               c_p.l(sys_stackheap_outer.o)
    0x00000338   0x00000338   0x00000010   Code   RO          155    .text               c_p.l(exit.o)
    0x00000348   0x00000348   0x00000008   Code   RO          167    .text               c_p.l(libspace.o)
    0x00000350   0x00000350   0x0000000c   Code   RO          226    .text               c_p.l(sys_exit.o)
    0x0000035c   0x0000035c   0x00000002   Code   RO          249    .text               c_p.l(use_no_semi.o)
    0x0000035e   0x0000035e   0x00000000   Code   RO          251    .text               c_p.l(indicate_semi.o)
    0x0000035e   0x0000035e   0x00000002   PAD
    0x00000360   0x00000360   0x00000044   Code   RO           74    .text.ADC0_Init     adc.o
    0x000003a4   0x000003a4   0x00000028   Code   RO           19    .text.PIT_IRQHandler  pit.o
    0x000003cc   0x000003cc   0x0000000c   Code   RO          109    .text.SystemInit    system_mkl25z4.o
    0x000003d8   0x000003d8   0x00000010   Data   RO          304    Region$$Table       anon$$obj.o
    0x000003e8   0x000003e8   0x00000018   PAD
    0x00000400   0x00000400   0x00000010   Code   RO           99    .ARM.__at_0x400     startup_mkl25z4.o
    0x00000410   0x00000410   0x00000154   Code   RO           76    .text.ADC0_Calibrate  adc.o
    0x00000564   0x00000564   0x00000064   Code   RO           11    .text.PIT_Init      pit.o
    0x000005c8   0x000005c8   0x000000c8   Code   RO           55    .text.SysTick_Handler  clocksettings.o
    0x00000690   0x00000690   0x0000003c   Code   RO           51    .text.SystemClockTick_Configure  clocksettings.o
    0x000006cc   0x000006cc   0x0000002c   Code   RO           49    .text.SystemClock_Configure  clocksettings.o
    0x000006f8   0x000006f8   0x000000f4   Code   RO           32    .text.UART0_Init    uart.o
    0x000007ec   0x000007ec   0x00000028   Code   RO           28    .text.UART0_Transmit  uart.o
    0x00000814   0x00000814   0x0000002c   Code   RO           13    .text.__NVIC_ClearPendingIRQ  pit.o
    0x00000840   0x00000840   0x0000002c   Code   RO           17    .text.__NVIC_EnableIRQ  pit.o
    0x0000086c   0x0000086c   0x0000007c   Code   RO           15    .text.__NVIC_SetPriority  pit.o
    0x000008e8   0x000008e8   0x00000084   Code   RO           53    .text.__NVIC_SetPriority  clocksettings.o
    0x0000096c   0x0000096c   0x00000030   Code   RO            2    .text.main          main.o


    Execution Region ER_RW (Exec base: 0x1ffff000, Load base: 0x0000099c, Size: 0x00000000, Max: 0xffffffff, ABSOLUTE)

    **** No section assigned to this execution region ****


    Execution Region ER_ZI (Exec base: 0x1ffff000, Load base: 0x0000099c, Size: 0x00000170, Max: 0xffffffff, ABSOLUTE)

    Exec Addr    Load Addr    Size         Type   Attr      Idx    E Section Name        Object

    0x1ffff000        -       0x00000060   Zero   RW          168    .bss                c_p.l(libspace.o)
    0x1ffff060        -       0x00000002   Zero   RW           57    .bss.base_tick      clocksettings.o
    0x1ffff062        -       0x00000001   Zero   RW           60    .bss.flag_100ms     clocksettings.o
    0x1ffff063        -       0x00000001   Zero   RW           64    .bss.flag_1s        clocksettings.o
    0x1ffff064        -       0x00000001   Zero   RW           62    .bss.flag_500ms     clocksettings.o
    0x1ffff065        -       0x00000001   Zero   RW           58    .bss.flag_50ms      clocksettings.o
    0x1ffff066        -       0x00000001   Zero   RW           66    .bss.flag_5s        clocksettings.o
    0x1ffff067   0x0000099c   0x00000001   PAD
    0x1ffff068        -       0x00000002   Zero   RW           61    .bss.tick_100ms     clocksettings.o
    0x1ffff06a        -       0x00000002   Zero   RW           65    .bss.tick_1s        clocksettings.o
    0x1ffff06c        -       0x00000002   Zero   RW           63    .bss.tick_500ms     clocksettings.o
    0x1ffff06e        -       0x00000002   Zero   RW           59    .bss.tick_50ms      clocksettings.o
    0x1ffff070        -       0x00000000   Zero   RW           97    HEAP                startup_mkl25z4.o
    0x1ffff070        -       0x00000100   Zero   RW           96    STACK               startup_mkl25z4.o


==============================================================================

Image component sizes


      Code (inc. data)   RO Data    RW Data    ZI Data      Debug   Object Name

       408         72          0          0          0       3330   adc.o
       436         72          0          0         15       3478   clocksettings.o
        48          0          0          0          0        381   main.o
       352         32          0          0          0       3747   pit.o
        80         44        192          0        256        912   startup_mkl25z4.o
        12          4          0          0          0       2571   system_mkl25z4.o
       284         60          0          0          0       2317   uart.o

    ----------------------------------------------------------------------
      1620        284        232          0        272      16736   Object Totals
         0          0         16          0          0          0   (incl. Generated)
         0          0         24          0          1          0   (incl. Padding)

    ----------------------------------------------------------------------

      Code (inc. data)   RO Data    RW Data    ZI Data      Debug   Library Member Name

         8          0          0          0          0         68   __main.o
         0          0          0          0          0          0   __rtentry.o
        12          0          0          0          0          0   __rtentry2.o
         6          0          0          0          0          0   __rtentry4.o
        60          8          0          0          0          0   __scatter.o
        28          0          0          0          0          0   __scatter_zi.o
       364          4          0          0          0         92   aeabi_sdiv.o
        16          0          0          0          0         68   exit.o
         6          0          0          0          0        136   heapauxi.o
         0          0          0          0          0          0   indicate_semi.o
         2          0          0          0          0          0   libinit.o
         2          0          0          0          0          0   libinit2.o
         2          0          0          0          0          0   libshutdown.o
         2          0          0          0          0          0   libshutdown2.o
         8          4          0          0         96         68   libspace.o
         2          0          0          0          0          0   rtexit.o
        10          0          0          0          0          0   rtexit2.o
        12          4          0          0          0         60   sys_exit.o
        62          0          0          0          0         80   sys_stackheap_outer.o
         2          0          0          0          0         68   use_no_semi.o

    ----------------------------------------------------------------------
       608         20          0          0         96        640   Library Totals
         4          0          0          0          0          0   (incl. Padding)

    ----------------------------------------------------------------------

      Code (inc. data)   RO Data    RW Data    ZI Data      Debug   Library Name

       604         20          0          0         96        640   c_p.l

    ----------------------------------------------------------------------
       608         20          0          0         96        640   Library Totals

    ----------------------------------------------------------------------

==============================================================================


      Code (inc. data)   RO Data    RW Data    ZI Data      Debug   

      2228        304        232          0        368      17064   Grand Totals
      2228        304        232          0        368      17064   ELF Image Totals
      2228        304        232          0          0          0   ROM Totals

==============================================================================

    Total RO  Size (Code + RO Data)                 2460 (   2.40kB)
    Total RW  Size (RW Data + ZI Data)               368 (   0.36kB)
    Total ROM Size (Code + RO Data + RW Data)       2460 (   2.40kB)

==============================================================================

